// Jest Snapshot v1, https://goo.gl/fbAQLP

exports[`./_elements/BackIcon renders 1`] = `
<svg
  fill="none"
  stroke="currentColor"
  strokeWidth="1.5"
  viewBox="0 0 24 24"
  xmlns="http://www.w3.org/2000/svg"
>
  <path
    d="M10.5 19.5 3 12m0 0 7.5-7.5M3 12h18"
    strokeLinecap="round"
    strokeLinejoin="round"
  />
</svg>
`;
