// Jest Snapshot v1, https://goo.gl/fbAQLP

exports[`./app/_components/list.root renders 1`] = `
<div
  className="list"
>
  <label
    data-pokemon={1}
    htmlFor="pokemon-10"
    style={
      {
        "backgroundColor": "#fff",
        "border": "0.0625rem solid gold",
      }
    }
  >
    <input
      className="hidden"
      id="pokemon-10"
      name="berry"
      onChange={[Function]}
      type="radio"
      value="pikachu"
    />
    <img
      alt="Pikachu"
      className="block w-full transition-all hover:drop-shadow-xl hover:rotate-6 hover:scale-110"
      src="url"
    />
    <p>
      Pikachu
    </p>
  </label>
</div>
`;
