// Jest Snapshot v1, https://goo.gl/fbAQLP

exports[`./app/[name]/_components/header.pokemon renders 1`] = `
<header>
  <h1
    className="text-[3rem] font-[700] mr-[-3rem] flex-1 text-center"
  >
    Pikachu
  </h1>
  <button
    className="size-[3rem] p-[0.5rem] rounded-full bg-neutral-100 text-red-600"
    onClick={[MockFunction]}
  >
    <CloseIcon
      className=""size-10"
    />
  </button>
</header>
`;
