// Jest Snapshot v1, https://goo.gl/fbAQLP

exports[`./app/[name]/_components/sprites.pokemon renders 1`] = `
<div
  className="sprite"
>
  <div
    className="spriteCard"
  >
    <div
      className="spriteSides card-flipped"
    >
      <img
        alt="Pikachu"
        className="animate-feed-shake"
        src="url"
      />
    </div>
    <Evolutions
      className="spriteSides card-flip"
      evolutions={[]}
      onSelect={[MockFunction]}
      targetId="100"
    />
  </div>
  <div
    className="evolutionProgress"
    style={
      {
        "background": "conic-gradient(#fff 0 100%, transparent 0 100%)",
      }
    }
  >
    <button
      className="flex items-center justify-center size-[5rem] bg-red-500 disabled:bg-red-500/50 text-[2rem] font-[700] rounded-full"
      disabled={true}
      onClick={[MockFunction]}
    >
      
    </button>
  </div>
  <p
    className="text-[1.5rem] bg-neutral-800 shadow-xl absolute bottom-[5.25rem] right-[-4rem] py-[0.25rem] px-[1rem] rounded-[0.5rem] animate-fade-out"
  >
    This pokemon has no evolution
    <span
      className="absolute bottom-[-1rem] right-[4.5rem] border-solid border-t-neutral-800 border-t-[1rem] border-x-transparent border-x-[1rem] border-b-0"
    />
  </p>
</div>
`;
