// Jest Snapshot v1, https://goo.gl/fbAQLP

exports[`./app/[name]/_components/stats.pokemon renders 1`] = `
<table>
  <tbody>
    <tr>
      <td
        className="pr-[2rem]"
      >
        Speed
      </td>
      <td>
        10
      </td>
    </tr>
    <tr>
      <td
        className="pr-[2rem]"
      >
        Weight
      </td>
      <td>
        100
         Kg
      </td>
    </tr>
  </tbody>
</table>
`;
