// Jest Snapshot v1, https://goo.gl/fbAQLP

exports[`./app/[name]/_components/types.pokemon renders 1`] = `
<div
  className="types"
>
  <span
    className="py-[0.25rem] px-[1rem] text-[1.5rem] uppercase rounded-[0.5rem] font-mono"
    style={
      {
        "backgroundColor": "#AABB22",
      }
    }
  >
    bug
  </span>
</div>
`;
