// Jest Snapshot v1, https://goo.gl/fbAQLP

exports[`./app/[name]/.components/berries.pokemon renders 1`] = `
<div
  className="berries"
>
  <label
    htmlFor="berry-1"
    style={
      {
        "backgroundColor": "#775544",
      }
    }
  >
    <input
      className="hidden"
      id="berry-1"
      name="berry"
      onChange={[MockFunction]}
      type="radio"
      value="1"
    />
    <img
      alt="banana"
      className="size-[3rem] m-[1rem]"
      src="url"
      title="banana"
    />
  </label>
</div>
`;
